  Plate mesh: Re=16750 y+_target=0.05 y1_target=6.15504e-08 growth=1.03294
Plate2D mesh: 480x224 (107520 cells, 215744 faces)
zeroed correction on 43200 cells below y*=0.1 (mask had 7201 of them active)
  Plate mesh: Re=16750 y+_target=0.05 y1_target=6.15504e-08 growth=1.03294
Plate2D mesh: 480x224 (107520 cells, 215744 faces)
  [lusgs] iter      0  cfl 1.0  res_rho 2.324e+04 (rel 1.000e+00)  rel_max 1.000e+00  rel_eq 1.00e+00 1.00e+00 1.00e+00 1.00e+00  dk 2.02e-03 dom 3.10e-08
  [reject 0] iter 949 cell 41450 (x 0.003239, y 2.897e-05)  pre-step rho 5.040e-01 p 5.627e+02 k 4.260e+05
  [lusgs] iter   2000  cfl 0.0  res_rho 1.257e+06 (rel 2.118e+00)  rel_max 1.333e+01  rel_eq 2.12e+00 1.33e+01 1.62e+00 2.28e+00  dk 3.01e-06 dom 2.51e-05
  [reject 500] iter 2267 cell 41450 (x 0.003239, y 2.897e-05)  pre-step rho 4.984e-01 p 2.662e-01 k 4.303e+05
  [reject 1000] iter 3622 cell 41450 (x 0.003239, y 2.897e-05)  pre-step rho 4.966e-01 p 2.662e-01 k 4.311e+05
  [lusgs] iter   4000  cfl 0.0  res_rho 1.252e+06 (rel 2.109e+00)  rel_max 1.324e+01  rel_eq 2.11e+00 1.32e+01 1.61e+00 2.27e+00  dk 3.49e-06 dom 1.07e-05
  [reject 1500] iter 4976 cell 41450 (x 0.003239, y 2.897e-05)  pre-step rho 4.949e-01 p 2.662e-01 k 4.317e+05
  [reject 2000] iter 6331 cell 41450 (x 0.003239, y 2.897e-05)  pre-step rho 4.934e-01 p 2.662e-01 k 4.322e+05
  [reject 2500] iter 7685 cell 41450 (x 0.003239, y 2.897e-05)  pre-step rho 4.920e-01 p 2.662e-01 k 4.326e+05
  [reject 3000] iter 9040 cell 41450 (x 0.003239, y 2.897e-05)  pre-step rho 4.907e-01 p 2.662e-01 k 4.330e+05
  [lusgs] iter  10000  cfl 0.0  res_rho 1.240e+06 (rel 2.089e+00)  rel_max 1.303e+01  rel_eq 2.09e+00 1.30e+01 1.63e+00 2.25e+00  dk 1.81e-06 dom 1.08e-06
  [reject 3500] iter 10395 cell 41450 (x 0.003239, y 2.897e-05)  pre-step rho 4.895e-01 p 2.662e-01 k 4.333e+05
  [reject 4000] iter 11749 cell 41450 (x 0.003239, y 2.897e-05)  pre-step rho 4.883e-01 p 2.662e-01 k 4.337e+05
  [lusgs] iter  12000  cfl 0.0  res_rho 1.236e+06 (rel 2.083e+00)  rel_max 1.297e+01  rel_eq 2.08e+00 1.30e+01 1.64e+00 2.24e+00  dk 2.09e-06 dom 7.23e-07
  [reject 4500] iter 13104 cell 41450 (x 0.003239, y 2.897e-05)  pre-step rho 4.873e-01 p 2.662e-01 k 4.339e+05
  [lusgs] iter  14000  cfl 0.0  res_rho 1.233e+06 (rel 2.077e+00)  rel_max 1.291e+01  rel_eq 2.08e+00 1.29e+01 1.64e+00 2.24e+00  dk 2.43e-06 dom 4.76e-07
  [reject 5000] iter 14459 cell 41450 (x 0.003239, y 2.897e-05)  pre-step rho 4.863e-01 p 2.662e-01 k 4.342e+05
  [reject 5500] iter 15813 cell 41450 (x 0.003239, y 2.897e-05)  pre-step rho 4.853e-01 p 2.662e-01 k 4.344e+05
  [reject 6000] iter 17168 cell 41450 (x 0.003239, y 2.897e-05)  pre-step rho 4.844e-01 p 2.662e-01 k 4.347e+05
  [reject 6500] iter 18523 cell 41450 (x 0.003239, y 2.897e-05)  pre-step rho 4.835e-01 p 2.662e-01 k 4.349e+05
  [reject 7000] iter 19878 cell 41450 (x 0.003239, y 2.897e-05)  pre-step rho 4.827e-01 p 2.662e-01 k 4.351e+05
  [lusgs] iter  20000  cfl 0.0  res_rho 1.224e+06 (rel 2.062e+00)  rel_max 1.276e+01  rel_eq 2.06e+00 1.28e+01 1.66e+00 2.22e+00  dk 1.26e-06 dom 1.84e-07
  [reject 7500] iter 21232 cell 41450 (x 0.003239, y 2.897e-05)  pre-step rho 4.819e-01 p 2.662e-01 k 4.353e+05
  [lusgs] iter  22000  cfl 0.0  res_rho 1.221e+06 (rel 2.057e+00)  rel_max 1.272e+01  rel_eq 2.06e+00 1.27e+01 1.67e+00 2.21e+00  dk 1.46e-06 dom 1.97e-07
  [reject 8000] iter 22587 cell 41450 (x 0.003239, y 2.897e-05)  pre-step rho 4.811e-01 p 2.662e-01 k 4.355e+05
  [reject 8500] iter 23942 cell 41450 (x 0.003239, y 2.897e-05)  pre-step rho 4.804e-01 p 2.662e-01 k 4.357e+05
  [lusgs] iter  24000  cfl 0.0  res_rho 1.218e+06 (rel 2.052e+00)  rel_max 1.267e+01  rel_eq 2.05e+00 1.27e+01 1.68e+00 2.21e+00  dk 1.69e-06 dom 2.10e-07
  [reject 9000] iter 25296 cell 41450 (x 0.003239, y 2.897e-05)  pre-step rho 4.796e-01 p 2.662e-01 k 4.358e+05
  [lusgs] iter  26000  cfl 0.0  res_rho 1.216e+06 (rel 2.048e+00)  rel_max 1.263e+01  rel_eq 2.05e+00 1.26e+01 1.68e+00 2.20e+00  dk 1.96e-06 dom 2.25e-07
  [reject 9500] iter 26651 cell 41450 (x 0.003239, y 2.897e-05)  pre-step rho 4.789e-01 p 2.662e-01 k 4.360e+05
  [reject 10000] iter 28006 cell 41450 (x 0.003239, y 2.897e-05)  pre-step rho 4.783e-01 p 2.662e-01 k 4.361e+05
  [reject 10500] iter 29360 cell 41450 (x 0.003239, y 2.897e-05)  pre-step rho 4.776e-01 p 2.662e-01 k 4.363e+05
  [reject 11000] iter 30715 cell 41450 (x 0.003239, y 2.897e-05)  pre-step rho 4.770e-01 p 2.662e-01 k 4.364e+05
  [lusgs] iter  32000  cfl 0.0  res_rho 1.208e+06 (rel 2.035e+00)  rel_max 1.252e+01  rel_eq 2.04e+00 1.25e+01 1.70e+00 2.19e+00  dk 1.02e-06 dom 9.25e-08
  [reject 11500] iter 32070 cell 41449 (x 0.00322, y 2.897e-05)  pre-step rho 4.875e-01 p 2.662e-01 k 4.431e+05
  [reject 12000] iter 33425 cell 41449 (x 0.00322, y 2.897e-05)  pre-step rho 4.864e-01 p 2.662e-01 k 4.433e+05
  [lusgs] iter  34000  cfl 0.0  res_rho 1.206e+06 (rel 2.031e+00)  rel_max 1.248e+01  rel_eq 2.03e+00 1.25e+01 1.71e+00 2.19e+00  dk 1.19e-06 dom 9.93e-08
  [reject 12500] iter 34779 cell 41450 (x 0.003239, y 2.897e-05)  pre-step rho 4.751e-01 p 2.662e-01 k 4.368e+05
  [lusgs] iter  36000  cfl 0.0  res_rho 1.204e+06 (rel 2.028e+00)  rel_max 1.245e+01  rel_eq 2.03e+00 1.24e+01 1.71e+00 2.18e+00  dk 1.38e-06 dom 1.07e-07
  [reject 13000] iter 36134 cell 41449 (x 0.00322, y 2.897e-05)  pre-step rho 4.843e-01 p 2.662e-01 k 4.437e+05
  [reject 13500] iter 37489 cell 41449 (x 0.00322, y 2.897e-05)  pre-step rho 4.833e-01 p 2.662e-01 k 4.439e+05
  [lusgs] iter  38000  cfl 0.0  res_rho 1.202e+06 (rel 2.024e+00)  rel_max 1.241e+01  rel_eq 2.02e+00 1.24e+01 1.72e+00 2.18e+00  dk 1.60e-06 dom 1.15e-07
  [reject 14000] iter 38844 cell 41449 (x 0.00322, y 2.897e-05)  pre-step rho 4.824e-01 p 2.662e-01 k 4.441e+05
  [reject 14500] iter 40198 cell 41449 (x 0.00322, y 2.897e-05)  pre-step rho 4.815e-01 p 2.662e-01 k 4.442e+05
  [reject 15000] iter 41553 cell 41449 (x 0.00322, y 2.897e-05)  pre-step rho 4.806e-01 p 2.662e-01 k 4.444e+05
  [reject 15500] iter 42908 cell 41449 (x 0.00322, y 2.897e-05)  pre-step rho 4.798e-01 p 2.662e-01 k 4.445e+05
  [reject 16000] iter 44262 cell 41450 (x 0.003239, y 2.897e-05)  pre-step rho 4.713e-01 p 2.662e-01 k 4.376e+05
RESULT EvaluationStatus.Unconverged iters 45000 rel 1.231e+01 2323s
