  Plate mesh: Re=16750 y+_target=0.05 y1_target=6.15504e-08 growth=1.03294
Plate2D mesh: 480x224 (107520 cells, 215744 faces)
  [lusgs] iter      0  cfl 1.0  res_rho 2.324e+04 (rel 1.000e+00)  rel_max 1.000e+00  rel_eq 1.00e+00 1.00e+00 1.00e+00 1.00e+00  dk 1.95e-03 dom 3.10e-08
  [lusgs] iter   2000  cfl 300.0  res_rho 1.744e+04 (rel 6.852e-01)  rel_max 6.852e-01  rel_eq 6.85e-01 9.31e-02 7.90e-02 4.58e-01  dk 6.62e-05 dom 1.39e-07
  [lusgs] iter   4000  cfl 300.0  res_rho 3.088e+04 (rel 7.646e-01)  rel_max 7.646e-01  rel_eq 7.65e-01 2.30e-01 8.62e-02 6.23e-01  dk 9.45e-05 dom 4.60e-08
  [reject 0] iter 4965 cell 36676 (x 0.003733, y 2.043e-05)  pre-step rho 9.348e-01 p 5.602e+03 k 2.672e+05
  [reject 500] iter 6268 cell 37157 (x 0.003752, y 2.117e-05)  pre-step rho 9.251e-01 p 2.662e-01 k 2.825e+05
  [reject 1000] iter 7623 cell 37157 (x 0.003752, y 2.117e-05)  pre-step rho 9.251e-01 p 2.662e-01 k 2.826e+05
  [lusgs] iter   8000  cfl 0.0  res_rho 4.531e+05 (rel 1.000e+00)  rel_max 1.000e+00  rel_eq 8.24e-01 1.00e+00 1.00e+00 1.00e+00  dk 3.59e-07 dom 7.39e-08
  [reject 1500] iter 8978 cell 37157 (x 0.003752, y 2.117e-05)  pre-step rho 9.251e-01 p 2.662e-01 k 2.827e+05
  [lusgs] iter  10000  cfl 0.0  res_rho 4.531e+05 (rel 1.000e+00)  rel_max 1.000e+00  rel_eq 8.24e-01 1.00e+00 1.00e+00 1.00e+00  dk 4.06e-07 dom 8.62e-08
  [reject 2000] iter 10332 cell 37157 (x 0.003752, y 2.117e-05)  pre-step rho 9.250e-01 p 2.662e-01 k 2.829e+05
  [reject 2500] iter 11687 cell 37157 (x 0.003752, y 2.117e-05)  pre-step rho 9.250e-01 p 2.662e-01 k 2.830e+05
  [lusgs] iter  12000  cfl 0.0  res_rho 4.532e+05 (rel 1.000e+00)  rel_max 1.000e+00  rel_eq 8.24e-01 1.00e+00 1.00e+00 1.00e+00  dk 4.59e-07 dom 1.00e-07
  [reject 3000] iter 13042 cell 37157 (x 0.003752, y 2.117e-05)  pre-step rho 9.250e-01 p 2.662e-01 k 2.831e+05
  [lusgs] iter  14000  cfl 0.0  res_rho 4.532e+05 (rel 1.000e+00)  rel_max 1.000e+00  rel_eq 8.24e-01 1.00e+00 1.00e+00 1.00e+00  dk 5.18e-07 dom 1.17e-07
  [reject 3500] iter 14397 cell 37157 (x 0.003752, y 2.117e-05)  pre-step rho 9.250e-01 p 2.662e-01 k 2.832e+05
  [reject 4000] iter 15751 cell 37157 (x 0.003752, y 2.117e-05)  pre-step rho 9.249e-01 p 2.662e-01 k 2.834e+05
  [lusgs] iter  16000  cfl 0.0  res_rho 4.532e+05 (rel 1.000e+00)  rel_max 1.000e+00  rel_eq 8.24e-01 1.00e+00 1.00e+00 1.00e+00  dk 5.85e-07 dom 1.36e-07
  [reject 4500] iter 17106 cell 37157 (x 0.003752, y 2.117e-05)  pre-step rho 9.249e-01 p 2.662e-01 k 2.835e+05
  [reject 5000] iter 18461 cell 37157 (x 0.003752, y 2.117e-05)  pre-step rho 9.249e-01 p 2.662e-01 k 2.836e+05
  [reject 5500] iter 19816 cell 37157 (x 0.003752, y 2.117e-05)  pre-step rho 9.249e-01 p 2.662e-01 k 2.837e+05
  [reject 6000] iter 21170 cell 37157 (x 0.003752, y 2.117e-05)  pre-step rho 9.248e-01 p 2.662e-01 k 2.838e+05
  [reject 6500] iter 22525 cell 37157 (x 0.003752, y 2.117e-05)  pre-step rho 9.248e-01 p 2.662e-01 k 2.839e+05
  [reject 7000] iter 23880 cell 37157 (x 0.003752, y 2.117e-05)  pre-step rho 9.248e-01 p 2.662e-01 k 2.840e+05
  [lusgs] iter  24000  cfl 0.0  res_rho 4.533e+05 (rel 1.001e+00)  rel_max 1.000e+00  rel_eq 8.24e-01 1.00e+00 9.99e-01 1.00e+00  dk 3.16e-07 dom 8.39e-08
  [reject 7500] iter 25235 cell 37157 (x 0.003752, y 2.117e-05)  pre-step rho 9.247e-01 p 2.662e-01 k 2.841e+05
  [lusgs] iter  26000  cfl 0.0  res_rho 4.534e+05 (rel 1.001e+00)  rel_max 1.000e+00  rel_eq 8.24e-01 1.00e+00 9.99e-01 1.00e+00  dk 3.57e-07 dom 9.78e-08
  [reject 8000] iter 26589 cell 37157 (x 0.003752, y 2.117e-05)  pre-step rho 9.247e-01 p 2.662e-01 k 2.842e+05
  [reject 8500] iter 27944 cell 37157 (x 0.003752, y 2.117e-05)  pre-step rho 9.247e-01 p 2.662e-01 k 2.843e+05
  [lusgs] iter  28000  cfl 0.0  res_rho 4.534e+05 (rel 1.001e+00)  rel_max 1.000e+00  rel_eq 8.24e-01 1.00e+00 9.99e-01 1.00e+00  dk 4.02e-07 dom 1.14e-07
  [reject 9000] iter 29299 cell 37157 (x 0.003752, y 2.117e-05)  pre-step rho 9.246e-01 p 2.662e-01 k 2.844e+05
  [lusgs] iter  30000  cfl 0.0  res_rho 4.534e+05 (rel 1.001e+00)  rel_max 1.000e+00  rel_eq 8.24e-01 1.00e+00 9.99e-01 1.00e+00  dk 4.53e-07 dom 1.33e-07
  [reject 9500] iter 30654 cell 37157 (x 0.003752, y 2.117e-05)  pre-step rho 9.246e-01 p 2.662e-01 k 2.845e+05
  [reject 10000] iter 32009 cell 37157 (x 0.003752, y 2.117e-05)  pre-step rho 9.246e-01 p 2.662e-01 k 2.846e+05
  [reject 10500] iter 33363 cell 37157 (x 0.003752, y 2.117e-05)  pre-step rho 9.245e-01 p 2.662e-01 k 2.847e+05
  [reject 11000] iter 34718 cell 37157 (x 0.003752, y 2.117e-05)  pre-step rho 9.245e-01 p 2.662e-01 k 2.848e+05
  [reject 11500] iter 36073 cell 37157 (x 0.003752, y 2.117e-05)  pre-step rho 9.245e-01 p 2.662e-01 k 2.849e+05
  [reject 12000] iter 37428 cell 37157 (x 0.003752, y 2.117e-05)  pre-step rho 9.244e-01 p 2.662e-01 k 2.850e+05
  [lusgs] iter  38000  cfl 0.0  res_rho 4.535e+05 (rel 1.001e+00)  rel_max 1.000e+00  rel_eq 8.24e-01 1.00e+00 9.99e-01 1.00e+00  dk 2.43e-07 dom 8.17e-08
  [reject 12500] iter 38782 cell 37157 (x 0.003752, y 2.117e-05)  pre-step rho 9.244e-01 p 2.662e-01 k 2.851e+05
  [lusgs] iter  40000  cfl 0.0  res_rho 4.536e+05 (rel 1.001e+00)  rel_max 1.000e+00  rel_eq 8.24e-01 1.00e+00 9.99e-01 9.99e-01  dk 2.73e-07 dom 9.52e-08
  [reject 13000] iter 40137 cell 37157 (x 0.003752, y 2.117e-05)  pre-step rho 9.244e-01 p 2.662e-01 k 2.852e+05
  [reject 13500] iter 41492 cell 37157 (x 0.003752, y 2.117e-05)  pre-step rho 9.243e-01 p 2.662e-01 k 2.853e+05
  [lusgs] iter  42000  cfl 0.0  res_rho 4.536e+05 (rel 1.001e+00)  rel_max 1.000e+00  rel_eq 8.24e-01 1.00e+00 9.99e-01 9.99e-01  dk 3.07e-07 dom 1.11e-07
  [reject 14000] iter 42847 cell 37157 (x 0.003752, y 2.117e-05)  pre-step rho 9.243e-01 p 2.662e-01 k 2.854e+05
  [lusgs] iter  44000  cfl 0.0  res_rho 4.536e+05 (rel 1.001e+00)  rel_max 1.000e+00  rel_eq 8.25e-01 1.00e+00 9.98e-01 9.99e-01  dk 3.45e-07 dom 1.29e-07
  [reject 14500] iter 44201 cell 37157 (x 0.003752, y 2.117e-05)  pre-step rho 9.242e-01 p 2.662e-01 k 2.854e+05
RESULT EvaluationStatus.Unconverged iters 45000 rel 1.000e+00 2362s
